        1 file(s) copied.
